Microchip MPLAB XC8 PIC(R) Assembler V2.31

Linker command line:

-W-3 --edf=C:\Program Files\Microchip\xc8\v2.31\pic\dat\en_msgs.txt -cf \
  -h+dist/default/production\MicroprocessorsLab.production.sym \
  --cmf=dist/default/production\MicroprocessorsLab.production.cmf -z \
  -Q18F87K22 -oC:\Users\guanr\AppData\Local\Temp\se4o.2 \
  -ver=XC8 PIC(R) Assembler -Moutput.map -E1 --acfsm=1493 \
  -ACODE=00h-01FFFFh -ACONST=00h-01FFFFh -ASMALLCONST=01000h-010FFhx496 \
  -AMEDIUMCONST=01000h-0FFFFh,011000h-01FFFFh -ACOMRAM=00h-05Fh \
  -AABS1=00h-0F15h -ABIGRAM=00h-0F15h \
  -ARAM=060h-0FFh,0100h-01FFhx14,0F00h-0F15h -ABANK0=060h-0FFh \
  -ABANK1=0100h-01FFh -ABANK2=0200h-02FFh -ABANK3=0300h-03FFh \
  -ABANK4=0400h-04FFh -ABANK5=0500h-05FFh -ABANK6=0600h-06FFh \
  -ABANK7=0700h-07FFh -ABANK8=0800h-08FFh -ABANK9=0900h-09FFh \
  -ABANK10=0A00h-0AFFh -ABANK11=0B00h-0BFFh -ABANK12=0C00h-0CFFh \
  -ABANK13=0D00h-0DFFh -ABANK14=0E00h-0EFFh -ABANK15=0F00h-0F15h \
  -ASFR=0F16h-0F5Fh,0F60h-0FFFh -AIDLOC=0200000h-0200007h \
  -AEEDATA=0F00000h-0F003FFh build/default/production/config.o \
  build/default/production/main.o build/default/production/UART.o \
  build/default/production/LCD.o build/default/production/RTCC.o 

Object code version is 3.11

Machine type is 18F87K22



                Name                               Link     Load   Length Selector   Space Scale
build/default/production/config.o
                config                           300000   300000        E        0       4
build/default/production/main.o
                data                              1FE9E    1FE9E        E     FF4F       0
                code                                  0        0       5E        0       0
                udata_bank4                         400      400       80      400       1
                udata_acs                             5        5        2        0       1
build/default/production/UART.o
                uart_code                         1FEC8    1FEC8       28    1FEC8       0
                udata_acs                             9        9        1        0       1
build/default/production/LCD.o
                lcd_code                          1FEF0    1FEF0      110    1FEF0       0
                udata_acs_ovr                         8        8        1        0       1
                udata_acs                             0        0        5        0       1
build/default/production/RTCC.o
                rtcc_code                         1FEAC    1FEAC       1C    1FEAC       0
                udata_acs                             7        7        1        0       1

TOTAL           Name                               Link     Load   Length     Space
        CLASS   CODE           
                code                                  0        0       5E         0
                uart_code                         1FEC8    1FEC8       28         0
                lcd_code                          1FEF0    1FEF0      110         0
                rtcc_code                         1FEAC    1FEAC       1C         0

        CLASS   CONST          
                data                              1FE9E    1FE9E        E         0

        CLASS   SMALLCONST     

        CLASS   MEDIUMCONST    

        CLASS   COMRAM         
                udata_acs                             5        5        2         1
                udata_acs                             9        9        1         1
                udata_acs_ovr                         8        8        1         1
                udata_acs                             0        0        5         1
                udata_acs                             7        7        1         1

        CLASS   ABS1           

        CLASS   BIGRAM         

        CLASS   RAM            

        CLASS   BANK0          

        CLASS   BANK1          

        CLASS   BANK2          

        CLASS   BANK3          

        CLASS   BANK4          
                udata_bank4                         400      400       80         1

        CLASS   BANK5          

        CLASS   BANK6          

        CLASS   BANK7          

        CLASS   BANK8          

        CLASS   BANK9          

        CLASS   BANK10         

        CLASS   BANK11         

        CLASS   BANK12         

        CLASS   BANK13         

        CLASS   BANK14         

        CLASS   BANK15         

        CLASS   SFR            

        CLASS   IDLOC          

        CLASS   EEDATA         

        CLASS   CONFIG         
                config                           300000   300000        E         4



SEGMENTS        Name                           Load    Length   Top    Selector   Space  Class

                udata_acs                      000000  00000A  00000A         0       1  COMRAM  
                udata_bank4                    000400  000080  000480       400       1  BANK4   
                data                           01FE9E  00000E  01FEAC      FF4F       0  CONST   
                rtcc_code                      01FEAC  00001C  01FEC8     1FEAC       0  CODE    
                uart_code                      01FEC8  000028  01FEF0     1FEC8       0  CODE    
                lcd_code                       01FEF0  000110  020000     1FEF0       0  CODE    


UNUSED ADDRESS RANGES

        Name                Unused          Largest block    Delta
        BANK0            000060-0000FF               A0
        BANK1            000100-0001FF              100
        BANK10           000A00-000AFF              100
        BANK11           000B00-000BFF              100
        BANK12           000C00-000CFF              100
        BANK13           000D00-000DFF              100
        BANK14           000E00-000EFF              100
        BANK15           000F00-000F15               16
        BANK2            000200-0002FF              100
        BANK3            000300-0003FF              100
        BANK4            000480-0004FF               80
        BANK5            000500-0005FF              100
        BANK6            000600-0006FF              100
        BANK7            000700-0007FF              100
        BANK8            000800-0008FF              100
        BANK9            000900-0009FF              100
        BIGRAM           00005E-000F15              EB8
        CODE             00005E-01FE9D            1FE40
        COMRAM           00000A-00005F               56
        CONST            00005E-01FE9D            1FE40
        EEDATA           F00000-F003FF              400
        IDLOC            200000-200007                8
        MEDIUMCONST      001000-00FFFF             F000
                         011000-01FE9D             EE9E
        RAM              000060-0003FF              100
                         000480-000F15              100
        SFR              000F16-000FFF               4A
        SMALLCONST       001000-01FE9D              100

                                  Symbol Table

LCD_Setup             lcd_code      01FEF0
LCD_Write_Hex         lcd_code      01FF46
LCD_Write_Message     lcd_code      01FF64
RTCC_Get_Seconds      rtcc_code     01FEBA
RTCC_Setup            rtcc_code     01FEAC
RTCC_seconds          udata_acs     000007
UART_Setup            uart_code     01FEC8
UART_Transmit_Message uart_code     01FEDA
__Hcode               code          000000
__Hconfig             config        30000E
__Hdata               data          000000
__Hedata              edata         000000
__Hlcd_code           lcd_code      000000
__Hrtcc_code          rtcc_code     000000
__Hspace_0            (abs)         020000
__Hspace_1            (abs)         000480
__Hspace_3            (abs)         000000
__Hspace_4            (abs)         60000E
__Huart_code          uart_code     000000
__Hudata              udata         000000
__Hudata_acs          udata_acs     000000
__Hudata_acs_ovr      udata_acs_ovr 000009
__Hudata_bank0        udata_bank0   000000
__Hudata_bank1        udata_bank1   000000
__Hudata_bank10       udata_bank10  000000
__Hudata_bank11       udata_bank11  000000
__Hudata_bank12       udata_bank12  000000
__Hudata_bank13       udata_bank13  000000
__Hudata_bank14       udata_bank14  000000
__Hudata_bank15       udata_bank15  000000
__Hudata_bank2        udata_bank2   000000
__Hudata_bank3        udata_bank3   000000
__Hudata_bank4        udata_bank4   000000
__Hudata_bank5        udata_bank5   000000
__Hudata_bank6        udata_bank6   000000
__Hudata_bank7        udata_bank7   000000
__Hudata_bank8        udata_bank8   000000
__Hudata_bank9        udata_bank9   000000
__Lcode               code          000000
__Lconfig             config        000000
__Ldata               data          000000
__Ledata              edata         000000
__Llcd_code           lcd_code      000000
__Lrtcc_code          rtcc_code     000000
__Lspace_0            (abs)         000000
__Lspace_1            (abs)         000000
__Lspace_3            (abs)         000000
__Lspace_4            (abs)         000000
__Luart_code          uart_code     000000
__Ludata              udata         000000
__Ludata_acs          udata_acs     000000
__Ludata_acs_ovr      udata_acs_ovr 000008
__Ludata_bank0        udata_bank0   000000
__Ludata_bank1        udata_bank1   000000
__Ludata_bank10       udata_bank10  000000
__Ludata_bank11       udata_bank11  000000
__Ludata_bank12       udata_bank12  000000
__Ludata_bank13       udata_bank13  000000
__Ludata_bank14       udata_bank14  000000
__Ludata_bank15       udata_bank15  000000
__Ludata_bank2        udata_bank2   000000
__Ludata_bank3        udata_bank3   000000
__Ludata_bank4        udata_bank4   000000
__Ludata_bank5        udata_bank5   000000
__Ludata_bank6        udata_bank6   000000
__Ludata_bank7        udata_bank7   000000
__Ludata_bank8        udata_bank8   000000
__Ludata_bank9        udata_bank9   000000
__S0                  (abs)         020000
__S1                  (abs)         000480
__S3                  (abs)         000000
